
> fe-realsend@0.1.0 lint
> eslint


/Users/muhammadzainurroziqin/Documents/coding/realsend/fe-realsend/src/app/admin/audit-logs/page.tsx
  69:5  error  Error: Calling setState synchronously within an effect can trigger cascading renders

Effects are intended to synchronize state between React and external systems such as manually updating the DOM, state management libraries, or other platform APIs. In general, the body of an effect should do one or both of the following:
* Update external systems with the latest state from React.
* Subscribe for updates from some external system, calling setState in a callback function when external state changes.

Calling setState synchronously within an effect body causes cascading renders that can hurt performance, and is not recommended. (https://react.dev/learn/you-might-not-need-an-effect).

/Users/muhammadzainurroziqin/Documents/coding/realsend/fe-realsend/src/app/admin/audit-logs/page.tsx:69:5
  67 |
  68 |   useEffect(() => {
> 69 |     loadLogs();
     |     ^^^^^^^^ Avoid calling setState() directly within an effect
  70 |   }, [loadLogs]);
  71 |
  72 |   const handleRefresh = () => {  react-hooks/set-state-in-effect

/Users/muhammadzainurroziqin/Documents/coding/realsend/fe-realsend/src/app/admin/page.tsx
  77:5  error  Error: Calling setState synchronously within an effect can trigger cascading renders

Effects are intended to synchronize state between React and external systems such as manually updating the DOM, state management libraries, or other platform APIs. In general, the body of an effect should do one or both of the following:
* Update external systems with the latest state from React.
* Subscribe for updates from some external system, calling setState in a callback function when external state changes.

Calling setState synchronously within an effect body causes cascading renders that can hurt performance, and is not recommended. (https://react.dev/learn/you-might-not-need-an-effect).

/Users/muhammadzainurroziqin/Documents/coding/realsend/fe-realsend/src/app/admin/page.tsx:77:5
  75 |
  76 |   useEffect(() => {
> 77 |     loadData();
     |     ^^^^^^^^ Avoid calling setState() directly within an effect
  78 |   }, [loadData]);
  79 |
  80 |   const handleRefresh = () => {  react-hooks/set-state-in-effect

/Users/muhammadzainurroziqin/Documents/coding/realsend/fe-realsend/src/app/admin/plans/page.tsx
  102:5  error  Error: Calling setState synchronously within an effect can trigger cascading renders

Effects are intended to synchronize state between React and external systems such as manually updating the DOM, state management libraries, or other platform APIs. In general, the body of an effect should do one or both of the following:
* Update external systems with the latest state from React.
* Subscribe for updates from some external system, calling setState in a callback function when external state changes.

Calling setState synchronously within an effect body causes cascading renders that can hurt performance, and is not recommended. (https://react.dev/learn/you-might-not-need-an-effect).

/Users/muhammadzainurroziqin/Documents/coding/realsend/fe-realsend/src/app/admin/plans/page.tsx:102:5
  100 |
  101 |   useEffect(() => {
> 102 |     loadPlans();
      |     ^^^^^^^^^ Avoid calling setState() directly within an effect
  103 |   }, [loadPlans]);
  104 |
  105 |   const openCreateModal = () => {  react-hooks/set-state-in-effect

/Users/muhammadzainurroziqin/Documents/coding/realsend/fe-realsend/src/app/admin/users/page.tsx
  106:5  error  Error: Calling setState synchronously within an effect can trigger cascading renders

Effects are intended to synchronize state between React and external systems such as manually updating the DOM, state management libraries, or other platform APIs. In general, the body of an effect should do one or both of the following:
* Update external systems with the latest state from React.
* Subscribe for updates from some external system, calling setState in a callback function when external state changes.

Calling setState synchronously within an effect body causes cascading renders that can hurt performance, and is not recommended. (https://react.dev/learn/you-might-not-need-an-effect).

/Users/muhammadzainurroziqin/Documents/coding/realsend/fe-realsend/src/app/admin/users/page.tsx:106:5
  104 |
  105 |   useEffect(() => {
> 106 |     loadUsers();
      |     ^^^^^^^^^ Avoid calling setState() directly within an effect
  107 |   }, [loadUsers]);
  108 |
  109 |   const handleSearch = (e: React.FormEvent) => {  react-hooks/set-state-in-effect

/Users/muhammadzainurroziqin/Documents/coding/realsend/fe-realsend/src/app/dashboard/api-keys/page.tsx
  54:5  error  Error: Calling setState synchronously within an effect can trigger cascading renders

Effects are intended to synchronize state between React and external systems such as manually updating the DOM, state management libraries, or other platform APIs. In general, the body of an effect should do one or both of the following:
* Update external systems with the latest state from React.
* Subscribe for updates from some external system, calling setState in a callback function when external state changes.

Calling setState synchronously within an effect body causes cascading renders that can hurt performance, and is not recommended. (https://react.dev/learn/you-might-not-need-an-effect).

/Users/muhammadzainurroziqin/Documents/coding/realsend/fe-realsend/src/app/dashboard/api-keys/page.tsx:54:5
  52 |
  53 |   useEffect(() => {
> 54 |     fetchKeys();
     |     ^^^^^^^^^ Avoid calling setState() directly within an effect
  55 |   }, [fetchKeys]);
  56 |
  57 |   const handleCreateKey = async (e: React.FormEvent) => {  react-hooks/set-state-in-effect

/Users/muhammadzainurroziqin/Documents/coding/realsend/fe-realsend/src/app/dashboard/billing/page.tsx
  70:5  error  Error: Calling setState synchronously within an effect can trigger cascading renders

Effects are intended to synchronize state between React and external systems such as manually updating the DOM, state management libraries, or other platform APIs. In general, the body of an effect should do one or both of the following:
* Update external systems with the latest state from React.
* Subscribe for updates from some external system, calling setState in a callback function when external state changes.

Calling setState synchronously within an effect body causes cascading renders that can hurt performance, and is not recommended. (https://react.dev/learn/you-might-not-need-an-effect).

/Users/muhammadzainurroziqin/Documents/coding/realsend/fe-realsend/src/app/dashboard/billing/page.tsx:70:5
  68 |
  69 |   useEffect(() => {
> 70 |     loadBillingData();
     |     ^^^^^^^^^^^^^^^ Avoid calling setState() directly within an effect
  71 |   }, [loadBillingData]);
  72 |
  73 |   const handleCheckoutSubmit = (e: React.FormEvent) => {  react-hooks/set-state-in-effect

/Users/muhammadzainurroziqin/Documents/coding/realsend/fe-realsend/src/app/dashboard/domains/page.tsx
   28:3   warning  'ExternalLink' is defined but never used                                                                                                                                                                                                                                                                                                                                                                                                                                                                                                                                                                                                                                                                                                                                                                                                                                                                                                                                                                                                                                    @typescript-eslint/no-unused-vars
   63:5   error    Error: Calling setState synchronously within an effect can trigger cascading renders

Effects are intended to synchronize state between React and external systems such as manually updating the DOM, state management libraries, or other platform APIs. In general, the body of an effect should do one or both of the following:
* Update external systems with the latest state from React.
* Subscribe for updates from some external system, calling setState in a callback function when external state changes.

Calling setState synchronously within an effect body causes cascading renders that can hurt performance, and is not recommended. (https://react.dev/learn/you-might-not-need-an-effect).

/Users/muhammadzainurroziqin/Documents/coding/realsend/fe-realsend/src/app/dashboard/domains/page.tsx:63:5
  61 |
  62 |   useEffect(() => {
> 63 |     fetchDomains();
     |     ^^^^^^^^^^^^ Avoid calling setState() directly within an effect
  64 |   }, [fetchDomains]);
  65 |
  66 |   const handleAddDomain = async (e: React.FormEvent) => {  react-hooks/set-state-in-effect
  171:16  error    'DialogFooter' is not defined                                                                                                                                                                                                                                                                                                                                                                                                                                                                                                                                                                                                                                                                                                                                                                                                                                                                                                                                                                                                                                               react/jsx-no-undef

/Users/muhammadzainurroziqin/Documents/coding/realsend/fe-realsend/src/app/dashboard/logs/page.tsx
   5:16  warning  'CardHeader' is defined but never used                                                                                                                                                                                                                                                                                                                                                                                                                                                                                                                                                                                                                                                                                                                                                                                                                                                                                                                                                                                                                                                        @typescript-eslint/no-unused-vars
   5:28  warning  'CardTitle' is defined but never used                                                                                                                                                                                                                                                                                                                                                                                                                                                                                                                                                                                                                                                                                                                                                                                                                                                                                                                                                                                                                                                         @typescript-eslint/no-unused-vars
   5:39  warning  'CardContent' is defined but never used                                                                                                                                                                                                                                                                                                                                                                                                                                                                                                                                                                                                                                                                                                                                                                                                                                                                                                                                                                                                                                                       @typescript-eslint/no-unused-vars
   5:52  warning  'CardDescription' is defined but never used                                                                                                                                                                                                                                                                                                                                                                                                                                                                                                                                                                                                                                                                                                                                                                                                                                                                                                                                                                                                                                                   @typescript-eslint/no-unused-vars
  17:3   warning  'Calendar' is defined but never used                                                                                                                                                                                                                                                                                                                                                                                                                                                                                                                                                                                                                                                                                                                                                                                                                                                                                                                                                                                                                                                          @typescript-eslint/no-unused-vars
  32:36  error    Unexpected any. Specify a different type                                                                                                                                                                                                                                                                                                                                                                                                                                                                                                                                                                                                                                                                                                                                                                                                                                                                                                                                                                                                                                                      @typescript-eslint/no-explicit-any
  33:42  error    Unexpected any. Specify a different type                                                                                                                                                                                                                                                                                                                                                                                                                                                                                                                                                                                                                                                                                                                                                                                                                                                                                                                                                                                                                                                      @typescript-eslint/no-explicit-any
  36:50  error    Unexpected any. Specify a different type                                                                                                                                                                                                                                                                                                                                                                                                                                                                                                                                                                                                                                                                                                                                                                                                                                                                                                                                                                                                                                                      @typescript-eslint/no-explicit-any
  56:21  error    Unexpected any. Specify a different type                                                                                                                                                                                                                                                                                                                                                                                                                                                                                                                                                                                                                                                                                                                                                                                                                                                                                                                                                                                                                                                      @typescript-eslint/no-explicit-any
  67:19  error    Unexpected any. Specify a different type                                                                                                                                                                                                                                                                                                                                                                                                                                                                                                                                                                                                                                                                                                                                                                                                                                                                                                                                                                                                                                                      @typescript-eslint/no-explicit-any
  75:5   error    Error: Calling setState synchronously within an effect can trigger cascading renders

Effects are intended to synchronize state between React and external systems such as manually updating the DOM, state management libraries, or other platform APIs. In general, the body of an effect should do one or both of the following:
* Update external systems with the latest state from React.
* Subscribe for updates from some external system, calling setState in a callback function when external state changes.

Calling setState synchronously within an effect body causes cascading renders that can hurt performance, and is not recommended. (https://react.dev/learn/you-might-not-need-an-effect).

/Users/muhammadzainurroziqin/Documents/coding/realsend/fe-realsend/src/app/dashboard/logs/page.tsx:75:5
  73 |
  74 |   useEffect(() => {
> 75 |     fetchDomainsAndLogs();
     |     ^^^^^^^^^^^^^^^^^^^ Avoid calling setState() directly within an effect
  76 |   }, [page, status, domainId]);
  77 |
  78 |   const handleSearchSubmit = (e: React.FormEvent) => {  react-hooks/set-state-in-effect
  76:6   warning  React Hook useEffect has a missing dependency: 'fetchDomainsAndLogs'. Either include it or remove the dependency array                                                                                                                                                                                                                                                                                                                                                                                                                                                                                                                                                                                                                                                                                                                                                                                                                                                                                                                                                                        react-hooks/exhaustive-deps
  94:57  error    Unexpected any. Specify a different type                                                                                                                                                                                                                                                                                                                                                                                                                                                                                                                                                                                                                                                                                                                                                                                                                                                                                                                                                                                                                                                      @typescript-eslint/no-explicit-any

/Users/muhammadzainurroziqin/Documents/coding/realsend/fe-realsend/src/app/dashboard/page.tsx
  16:3   warning  'TrendingUp' is defined but never used                                                                                                                                                                                                                                                                                                                                                                                                                                                                                                                                                                                                                                                                                                                                                                                                                                                                                                                                                                           @typescript-eslint/no-unused-vars
  19:3   warning  'AlertOctagon' is defined but never used                                                                                                                                                                                                                                                                                                                                                                                                                                                                                                                                                                                                                                                                                                                                                                                                                                                                                                                                                                         @typescript-eslint/no-unused-vars
  40:48  error    Unexpected any. Specify a different type                                                                                                                                                                                                                                                                                                                                                                                                                                                                                                                                                                                                                                                                                                                                                                                                                                                                                                                                                                         @typescript-eslint/no-explicit-any
  41:48  error    Unexpected any. Specify a different type                                                                                                                                                                                                                                                                                                                                                                                                                                                                                                                                                                                                                                                                                                                                                                                                                                                                                                                                                                         @typescript-eslint/no-explicit-any
  61:19  error    Unexpected any. Specify a different type                                                                                                                                                                                                                                                                                                                                                                                                                                                                                                                                                                                                                                                                                                                                                                                                                                                                                                                                                                         @typescript-eslint/no-explicit-any
  70:5   error    Error: Calling setState synchronously within an effect can trigger cascading renders

Effects are intended to synchronize state between React and external systems such as manually updating the DOM, state management libraries, or other platform APIs. In general, the body of an effect should do one or both of the following:
* Update external systems with the latest state from React.
* Subscribe for updates from some external system, calling setState in a callback function when external state changes.

Calling setState synchronously within an effect body causes cascading renders that can hurt performance, and is not recommended. (https://react.dev/learn/you-might-not-need-an-effect).

/Users/muhammadzainurroziqin/Documents/coding/realsend/fe-realsend/src/app/dashboard/page.tsx:70:5
  68 |
  69 |   useEffect(() => {
> 70 |     loadData();
     |     ^^^^^^^^ Avoid calling setState() directly within an effect
  71 |   }, [timePeriod]);
  72 |
  73 |   if (loading) {  react-hooks/set-state-in-effect
  71:6   warning  React Hook useEffect has a missing dependency: 'loadData'. Either include it or remove the dependency array                                                                                                                                                                                                                                                                                                                                                                                                                                                                                                                                                                                                                                                                                                                                                                                                                                                                                                      react-hooks/exhaustive-deps

/Users/muhammadzainurroziqin/Documents/coding/realsend/fe-realsend/src/app/dashboard/settings/page.tsx
  40:7   error  Error: Calling setState synchronously within an effect can trigger cascading renders

Effects are intended to synchronize state between React and external systems such as manually updating the DOM, state management libraries, or other platform APIs. In general, the body of an effect should do one or both of the following:
* Update external systems with the latest state from React.
* Subscribe for updates from some external system, calling setState in a callback function when external state changes.

Calling setState synchronously within an effect body causes cascading renders that can hurt performance, and is not recommended. (https://react.dev/learn/you-might-not-need-an-effect).

/Users/muhammadzainurroziqin/Documents/coding/realsend/fe-realsend/src/app/dashboard/settings/page.tsx:40:7
  38 |   useEffect(() => {
  39 |     if (user) {
> 40 |       setFullName(user.full_name || "");
     |       ^^^^^^^^^^^ Avoid calling setState() directly within an effect
  41 |       setCompanyName(user.company_name_str || "");
  42 |     }
  43 |   }, [user]);  react-hooks/set-state-in-effect
  62:19  error  Unexpected any. Specify a different type                                                                                                                                                                                                                                                                                                                                                                                                                                                                                                                                                                                                                                                                                                                                                                                                                                                                                                                                                                                                                                                                  @typescript-eslint/no-explicit-any
  98:19  error  Unexpected any. Specify a different type                                                                                                                                                                                                                                                                                                                                                                                                                                                                                                                                                                                                                                                                                                                                                                                                                                                                                                                                                                                                                                                                  @typescript-eslint/no-explicit-any

/Users/muhammadzainurroziqin/Documents/coding/realsend/fe-realsend/src/app/dashboard/webhooks/page.tsx
   28:3   warning  'AlertCircle' is defined but never used                                                                                                                                                                                                                                                                                                                                                                                                                                                                                                                                                                                                                                                                                                                                                                                                                                                                                                                                                                                                                            @typescript-eslint/no-unused-vars
   46:44  error    Unexpected any. Specify a different type                                                                                                                                                                                                                                                                                                                                                                                                                                                                                                                                                                                                                                                                                                                                                                                                                                                                                                                                                                                                                           @typescript-eslint/no-explicit-any
   48:58  error    Unexpected any. Specify a different type                                                                                                                                                                                                                                                                                                                                                                                                                                                                                                                                                                                                                                                                                                                                                                                                                                                                                                                                                                                                                           @typescript-eslint/no-explicit-any
   49:52  error    Unexpected any. Specify a different type                                                                                                                                                                                                                                                                                                                                                                                                                                                                                                                                                                                                                                                                                                                                                                                                                                                                                                                                                                                                                           @typescript-eslint/no-explicit-any
   77:19  error    Unexpected any. Specify a different type                                                                                                                                                                                                                                                                                                                                                                                                                                                                                                                                                                                                                                                                                                                                                                                                                                                                                                                                                                                                                           @typescript-eslint/no-explicit-any
   90:19  error    Unexpected any. Specify a different type                                                                                                                                                                                                                                                                                                                                                                                                                                                                                                                                                                                                                                                                                                                                                                                                                                                                                                                                                                                                                           @typescript-eslint/no-explicit-any
   98:5   error    Error: Calling setState synchronously within an effect can trigger cascading renders

Effects are intended to synchronize state between React and external systems such as manually updating the DOM, state management libraries, or other platform APIs. In general, the body of an effect should do one or both of the following:
* Update external systems with the latest state from React.
* Subscribe for updates from some external system, calling setState in a callback function when external state changes.

Calling setState synchronously within an effect body causes cascading renders that can hurt performance, and is not recommended. (https://react.dev/learn/you-might-not-need-an-effect).

/Users/muhammadzainurroziqin/Documents/coding/realsend/fe-realsend/src/app/dashboard/webhooks/page.tsx:98:5
   96 |
   97 |   useEffect(() => {
>  98 |     fetchWebhooks();
      |     ^^^^^^^^^^^^^ Avoid calling setState() directly within an effect
   99 |   }, []);
  100 |
  101 |   const handleEventToggle = (eventId: string) => {  react-hooks/set-state-in-effect
   99:6   warning  React Hook useEffect has a missing dependency: 'fetchWebhooks'. Either include it or remove the dependency array                                                                                                                                                                                                                                                                                                                                                                                                                                                                                                                                                                                                                                                                                                                                                                                                                                                                                                                                                   react-hooks/exhaustive-deps
  128:19  error    Unexpected any. Specify a different type                                                                                                                                                                                                                                                                                                                                                                                                                                                                                                                                                                                                                                                                                                                                                                                                                                                                                                                                                                                                                           @typescript-eslint/no-explicit-any
  146:19  error    Unexpected any. Specify a different type                                                                                                                                                                                                                                                                                                                                                                                                                                                                                                                                                                                                                                                                                                                                                                                                                                                                                                                                                                                                                           @typescript-eslint/no-explicit-any
  160:19  error    Unexpected any. Specify a different type                                                                                                                                                                                                                                                                                                                                                                                                                                                                                                                                                                                                                                                                                                                                                                                                                                                                                                                                                                                                                           @typescript-eslint/no-explicit-any

✖ 43 problems (31 errors, 12 warnings)

